nil
[1, 2, 3]
3
[1, 2]
nil
[1, 'x', 2]
1
['x', 2]
nil
['x', 2, 7, 8]
nil
[8, 7, 2, 'x']
3
2
-1
nil
[]
-1
[(5, 6), [1, 2], 's', {3, 4}]
{3, 4}
(5, 6)
[[1, 2], 's']
[2, 1]
[2, 1, 2, 1]
[1, 2, 'a', 'b', 3]
3
[1, 2, 'a', 'b']
1
1
300
IndexError: index out of range
IndexError: index out of range
TypeError: type error: parameter 'i' expects Long
TypeError: type error: parameter 'i' expects Long
TypeError: type error: parameter 'other' expects Array
[1, 2]
TypeError: type error: expected Object, Array, or Tensor, got Long
ran 2
TypeError: type error: expected Function, got Nil
TypeError: type error: expected Function, got Nil
TypeError: type error: expected Function, got Nil
ran 3
ZeroDivisionError
[1]