[1, 2, 3]
[4, 5]
[7, 8]
['a', 'b']
[('a', 1), ('b', 2)]
[1, 2]
['iter', 'has_next', 'next']
[97, 241, 98]
[97, 98]
['á', 'b']
['a', 'b', '', 'c']
[]
['']
[97, 98]
['a', 'b']
2
6
[(0, 7), (1, 8)]
[(0, 1), (1, 2), (2, 3)]
{mut 1: 2, mut 3: 4}
{mut 1: 2, mut 3: 4}
([1, 3], [2, 4])
([1, 3], [2, 4])
[7, 9]
[('class', 'Cur'), ('i', 0)]
[1, 2]
[0, 1, 2]
[0, 1]
[0, 10, 20]
{kind: 'TypeError', message: 'type error: expected Object, Array, or Tensor, got Long', line: 67, col: 15}
{kind: 'TypeError', message: 'type error: expected Function, got Nil', line: 68, col: 15}
{kind: 'TypeError', message: 'type error: parameter 'sep' expects StringLike', line: 69, col: 31}
{kind: 'TypeError', message: 'type error: to_object expects (key, value) tuples', line: 70, col: 15}
{kind: 'TypeError', message: 'type error: unzip expects (a, b) tuples or {first, second} objects', line: 71, col: 15}
{kind: 'ArityError', message: ''count' takes 1 argument but 0 given', line: 72, col: 27}
{kind: 'ArityError', message: ''count' takes 0 arguments but 1 given', line: 73, col: 32}
2000