[4]
[1.0, 2.0, 3.0, 4.0]
[1.0, 2.0, 3.0, 4.0]
[1.0, 2.0, 3.0, 4.0]
[1.0, 2.0, 3.0, 4.0]
[0.7310585975646973, 0.8807970285415649, 0.9525741338729858, 0.9820137619972229]
[0.032058604061603546, 0.08714432269334793, 0.23688283562660217, 0.6439142823219299]
[0.0, 0.6931471824645996, 1.0986123085021973, 1.3862943649291992]
[1.0, 4.0, 9.0, 16.0]
[1.0, 4.0, 9.0, 16.0]
[1.0, 4.0, 27.0, 256.0]
7.0
10.0
2.5
4.0
10.0
2.5
4.0
[2, 2]
[[1.0, 2.0], [3.0, 4.0]]
[[1.0, 3.0], [2.0, 4.0]]
[4.0, 6.0]
[3.0, 7.0]
[2.0, 3.0]
[1.5, 3.5]
[3.0, 4.0]
[2.0, 4.0]
[1.0, 1.0]
[1.0, 1.0]
[[7.0, 10.0], [15.0, 22.0]]
[1.0, 2.0, 3.0, 4.0]
[[1.0, 2.0]]
[[0.7310585975646973], [0.8807970285415649]]
[0.0, 0.0]
[2.0, 4.0]
true
true
true
false
false
false
[4.0, 8.0]
[1.0, 2.0]
[4.0, 8.0]
[1.0, 2.0]
nil
[1, 2, 3]
['a', 'b']
[1, 2, 3]
['x', 'y', 'z']
1
true
1800.0